
[TestPrintResponse/should_correctly_format/response_with_status_code_1xx/should_print_correctly - 1]
[48;2;105;113;247m [0m[38;2;0;0;0;48;2;105;113;247mTest[0m[48;2;105;113;247m [0m[48;2;105;113;247m  [0m [48;2;0;113;206m [0m[38;2;0;0;0;48;2;0;113;206m100 POST[0m[48;2;0;113;206m [0m[48;2;0;113;206m   [0m [4;4mh[0m[4;4mt[0m[4;4mt[0m[4;4mp[0m[4;4ms[0m[4;4m:[0m[4;4m/[0m[4;4m/[0m[4;4ma[0m[4;4mp[0m[4;4mi[0m[4;4m.[0m[4;4md[0m[4;4mo[0m[4;4mm[0m[4;4ma[0m[4;4mi[0m[4;4mn[0m[4;4m.[0m[4;4mc[0m[4;4mo[0m[4;4mm[0m[4;4m/[0m[4;4ma[0m[4;4mp[0m[4;4mi[0m[4;4m/[0m[4;4mi[0m[4;4mn[0m[4;4mf[0m[4;4mo[0m

---

[TestPrintResponse/should_correctly_format/response_with_success_code_2xx/should_print_correctly - 1]
[48;2;105;113;247m [0m[38;2;0;0;0;48;2;105;113;247mTest[0m[48;2;105;113;247m [0m[48;2;105;113;247m  [0m [48;2;0;175;79m [0m[38;2;0;0;0;48;2;0;175;79m200 GET[0m[48;2;0;175;79m [0m[48;2;0;175;79m    [0m [4;4mh[0m[4;4mt[0m[4;4mt[0m[4;4mp[0m[4;4ms[0m[4;4m:[0m[4;4m/[0m[4;4m/[0m[4;4ma[0m[4;4mp[0m[4;4mi[0m[4;4m.[0m[4;4md[0m[4;4mo[0m[4;4mm[0m[4;4ma[0m[4;4mi[0m[4;4mn[0m[4;4m.[0m[4;4mc[0m[4;4mo[0m[4;4mm[0m[4;4m/[0m[4;4mh[0m[4;4me[0m[4;4ml[0m[4;4mp[0m

---

[TestPrintResponse/should_correctly_format/response_with_redirect_code_3xx/should_print_correctly - 1]
[48;2;105;113;247m [0m[38;2;0;0;0;48;2;105;113;247mTest[0m[48;2;105;113;247m [0m[48;2;105;113;247m  [0m [48;2;255;211;0m [0m[38;2;0;0;0;48;2;255;211;0m300 PATCH[0m[48;2;255;211;0m [0m[48;2;255;211;0m  [0m [4;4mh[0m[4;4mt[0m[4;4mt[0m[4;4mp[0m[4;4ms[0m[4;4m:[0m[4;4m/[0m[4;4m/[0m[4;4ma[0m[4;4mp[0m[4;4mi[0m[4;4m.[0m[4;4md[0m[4;4mo[0m[4;4mm[0m[4;4ma[0m[4;4mi[0m[4;4mn[0m[4;4m.[0m[4;4mc[0m[4;4mo[0m[4;4mm[0m[4;4m/[0m[4;4ma[0m[4;4mp[0m[4;4mi[0m[4;4m/[0m[4;4mu[0m[4;4ms[0m[4;4me[0m[4;4mr[0m

---

[TestPrintResponse/should_correctly_format/response_with_user_request_error_code_4xx/should_print_correctly - 1]
[48;2;105;113;247m [0m[38;2;0;0;0;48;2;105;113;247mTest[0m[48;2;105;113;247m [0m[48;2;105;113;247m  [0m [48;2;220;1;0m [0m[38;2;0;0;0;48;2;220;1;0m400 DELETE[0m[48;2;220;1;0m [0m[48;2;220;1;0m [0m [4;4mh[0m[4;4mt[0m[4;4mt[0m[4;4mp[0m[4;4ms[0m[4;4m:[0m[4;4m/[0m[4;4m/[0m[4;4ma[0m[4;4mp[0m[4;4mi[0m[4;4m.[0m[4;4md[0m[4;4mo[0m[4;4mm[0m[4;4ma[0m[4;4mi[0m[4;4mn[0m[4;4m.[0m[4;4mc[0m[4;4mo[0m[4;4mm[0m[4;4m/[0m[4;4ma[0m[4;4mp[0m[4;4mi[0m[4;4m/[0m[4;4mu[0m[4;4ms[0m[4;4me[0m[4;4mr[0m[4;4m/[0m[4;4mp[0m[4;4me[0m[4;4mr[0m[4;4mm[0m[4;4mi[0m[4;4ms[0m[4;4ms[0m[4;4mi[0m[4;4mo[0m[4;4mn[0m

---

[TestPrintResponse/should_correctly_format/response_with_internal_server_error_code_5xx/should_print_correctly - 1]
[48;2;105;113;247m [0m[38;2;0;0;0;48;2;105;113;247mTest[0m[48;2;105;113;247m [0m[48;2;105;113;247m  [0m [48;2;220;1;0m [0m[38;2;0;0;0;48;2;220;1;0m500 POST[0m[48;2;220;1;0m [0m[48;2;220;1;0m   [0m [4;4mh[0m[4;4mt[0m[4;4mt[0m[4;4mp[0m[4;4ms[0m[4;4m:[0m[4;4m/[0m[4;4m/[0m[4;4ma[0m[4;4mp[0m[4;4mi[0m[4;4m.[0m[4;4md[0m[4;4mo[0m[4;4mm[0m[4;4ma[0m[4;4mi[0m[4;4mn[0m[4;4m.[0m[4;4mc[0m[4;4mo[0m[4;4mm[0m[4;4m/[0m

---
