
[TestLoggers/NewProxyLogger/ProxyLogger/Error - 1]
[1m[48;2;105;113;247m [0m[38;2;0;0;0;48;2;105;113;247mPROXY[0m[48;2;105;113;247m [0m[48;2;105;113;247m [0m  ERROR  [0m error

---

[TestLoggers/NewProxyLogger/ProxyLogger/Warn - 1]
[1m[48;2;105;113;247m [0m[38;2;0;0;0;48;2;105;113;247mPROXY[0m[48;2;105;113;247m [0m[48;2;105;113;247m [0m  WARN   [0m warn

---

[TestLoggers/NewProxyLogger/ProxyLogger/Info - 1]
[1m[48;2;105;113;247m [0m[38;2;0;0;0;48;2;105;113;247mPROXY[0m[48;2;105;113;247m [0m[48;2;105;113;247m [0m  INFO   [0m info

---

[TestLoggers/NewProxyLogger/ProxyLogger/Debug - 1]
[1m[48;2;105;113;247m [0m[38;2;0;0;0;48;2;105;113;247mPROXY[0m[48;2;105;113;247m [0m[48;2;105;113;247m [0m  DEBUG  [0m debug

---

[TestLoggers/NewProxyLogger/ProxyLogger/Print - 1]
[48;2;105;113;247m [0m[38;2;0;0;0;48;2;105;113;247mPROXY[0m[48;2;105;113;247m [0m[48;2;105;113;247m [0m print

---

[TestLoggers/NewProxyLogger/MockLogger/Error - 1]
[1m[48;2;238;127;248m [0m[38;2;0;0;0;48;2;238;127;248mMOCK[0m[48;2;238;127;248m [0m[48;2;238;127;248m  [0m  ERROR  [0m error

---

[TestLoggers/NewProxyLogger/MockLogger/Warn - 1]
[1m[48;2;238;127;248m [0m[38;2;0;0;0;48;2;238;127;248mMOCK[0m[48;2;238;127;248m [0m[48;2;238;127;248m  [0m  WARN   [0m warn

---

[TestLoggers/NewProxyLogger/MockLogger/Info - 1]
[1m[48;2;238;127;248m [0m[38;2;0;0;0;48;2;238;127;248mMOCK[0m[48;2;238;127;248m [0m[48;2;238;127;248m  [0m  INFO   [0m info

---

[TestLoggers/NewProxyLogger/MockLogger/Debug - 1]
[1m[48;2;238;127;248m [0m[38;2;0;0;0;48;2;238;127;248mMOCK[0m[48;2;238;127;248m [0m[48;2;238;127;248m  [0m  DEBUG  [0m debug

---

[TestLoggers/NewProxyLogger/MockLogger/Print - 1]
[48;2;238;127;248m [0m[38;2;0;0;0;48;2;238;127;248mMOCK[0m[48;2;238;127;248m [0m[48;2;238;127;248m  [0m print

---

[TestLoggers/NewProxyLogger/StaticLogger/Error - 1]
[1m[48;2;166;252;157m [0m[38;2;0;0;0;48;2;166;252;157mSTATIC[0m[48;2;166;252;157m [0m  ERROR  [0m error

---

[TestLoggers/NewProxyLogger/StaticLogger/Warn - 1]
[1m[48;2;166;252;157m [0m[38;2;0;0;0;48;2;166;252;157mSTATIC[0m[48;2;166;252;157m [0m  WARN   [0m warn

---

[TestLoggers/NewProxyLogger/StaticLogger/Info - 1]
[1m[48;2;166;252;157m [0m[38;2;0;0;0;48;2;166;252;157mSTATIC[0m[48;2;166;252;157m [0m  INFO   [0m info

---

[TestLoggers/NewProxyLogger/StaticLogger/Debug - 1]
[1m[48;2;166;252;157m [0m[38;2;0;0;0;48;2;166;252;157mSTATIC[0m[48;2;166;252;157m [0m  DEBUG  [0m debug

---

[TestLoggers/NewProxyLogger/StaticLogger/Print - 1]
[48;2;166;252;157m [0m[38;2;0;0;0;48;2;166;252;157mSTATIC[0m[48;2;166;252;157m [0m print

---

[TestLoggers/NewProxyLogger/CacheLogger/Error - 1]
[1m[48;2;254;252;127m [0m[38;2;0;0;0;48;2;254;252;127mCACHE[0m[48;2;254;252;127m [0m[48;2;254;252;127m [0m  ERROR  [0m error

---

[TestLoggers/NewProxyLogger/CacheLogger/Warn - 1]
[1m[48;2;254;252;127m [0m[38;2;0;0;0;48;2;254;252;127mCACHE[0m[48;2;254;252;127m [0m[48;2;254;252;127m [0m  WARN   [0m warn

---

[TestLoggers/NewProxyLogger/CacheLogger/Info - 1]
[1m[48;2;254;252;127m [0m[38;2;0;0;0;48;2;254;252;127mCACHE[0m[48;2;254;252;127m [0m[48;2;254;252;127m [0m  INFO   [0m info

---

[TestLoggers/NewProxyLogger/CacheLogger/Debug - 1]
[1m[48;2;254;252;127m [0m[38;2;0;0;0;48;2;254;252;127mCACHE[0m[48;2;254;252;127m [0m[48;2;254;252;127m [0m  DEBUG  [0m debug

---

[TestLoggers/NewProxyLogger/CacheLogger/Print - 1]
[48;2;254;252;127m [0m[38;2;0;0;0;48;2;254;252;127mCACHE[0m[48;2;254;252;127m [0m[48;2;254;252;127m [0m print

---
