
[TestLogo/Logo - 1]
[38;2;220;1;0mâ–ˆâ–ˆ    â–ˆâ–ˆ â–ˆâ–ˆâ–ˆ    â–ˆâ–ˆ [0m[38;2;255;211;0m â–ˆâ–ˆâ–ˆâ–ˆâ–ˆâ–ˆ  â–ˆâ–ˆâ–ˆâ–ˆâ–ˆâ–ˆ  â–ˆâ–ˆâ–ˆâ–ˆâ–ˆâ–ˆ  â–ˆâ–ˆâ–ˆâ–ˆâ–ˆâ–ˆâ–ˆ[0m
[38;2;220;1;0mâ–ˆâ–ˆ    â–ˆâ–ˆ â–ˆâ–ˆâ–ˆâ–ˆ   â–ˆâ–ˆ [0m[38;2;255;211;0mâ–ˆâ–ˆ      â–ˆâ–ˆ    â–ˆâ–ˆ â–ˆâ–ˆ   â–ˆâ–ˆ â–ˆâ–ˆ     [0m
[38;2;220;1;0mâ–ˆâ–ˆ    â–ˆâ–ˆ â–ˆâ–ˆ â–ˆâ–ˆ  â–ˆâ–ˆ [0m[38;2;255;211;0mâ–ˆâ–ˆ      â–ˆâ–ˆ    â–ˆâ–ˆ â–ˆâ–ˆâ–ˆâ–ˆâ–ˆâ–ˆ  â–ˆâ–ˆâ–ˆâ–ˆâ–ˆâ–ˆâ–ˆ[0m
[38;2;220;1;0mâ–ˆâ–ˆ    â–ˆâ–ˆ â–ˆâ–ˆ  â–ˆâ–ˆ â–ˆâ–ˆ [0m[38;2;255;211;0mâ–ˆâ–ˆ      â–ˆâ–ˆ    â–ˆâ–ˆ â–ˆâ–ˆ   â–ˆâ–ˆ      â–ˆâ–ˆ[0m
[38;2;220;1;0m â–ˆâ–ˆâ–ˆâ–ˆâ–ˆâ–ˆ  â–ˆâ–ˆ   â–ˆâ–ˆâ–ˆâ–ˆ [0m[38;2;255;211;0m â–ˆâ–ˆâ–ˆâ–ˆâ–ˆâ–ˆ  â–ˆâ–ˆâ–ˆâ–ˆâ–ˆâ–ˆ  â–ˆâ–ˆ   â–ˆâ–ˆ â–ˆâ–ˆâ–ˆâ–ˆâ–ˆâ–ˆâ–ˆ[0m
                                     version: 0.1.0
---
